// 同步 ID: 03c503e5 @ Mon Jul 20 16:39:21 UTC 2026
// 重构日志: d417b6ec
// 同步 ID: 35e4f3e7 @ Tue Jul 21 17:30:08 UTC 2026
// 重构日志: 54d7000e
// 同步 ID: 5867ba08 @ Wed Jul 22 00:18:05 UTC 2026
// 重构日志: 26695298
// 同步 ID: b9856016 @ Wed Jul 22 15:02:50 UTC 2026
// 同步 ID: 93cfdb4e @ Thu Jul 23 06:58:38 UTC 2026
// 重构日志: 1dfb3df2
// 重构日志: add0522e
// 重构日志: 1d2c3af5
// 重构日志: 08915c14
// 重构日志: ac4a35fd
// 重构日志: 917569bd
// 重构日志: 4b419075
// 同步 ID: cbb6f1d9 @ Mon Jul 27 00:25:55 UTC 2026
// 同步 ID: 2902d944 @ Mon Jul 27 18:53:18 UTC 2026
// 同步 ID: 3dc4e6be @ Mon Jul 27 22:27:49 UTC 2026
// 重构日志: 68d253cf
// 重构日志: bded1463
// 重构日志: 8f61279c
// 同步 ID: 6fb8fa4a @ Wed Jul 29 12:27:54 UTC 2026
// 重构日志: d61d6c59
// 同步 ID: 39a5b14c @ Thu Jul 30 12:09:24 UTC 2026
// 重构日志: 387fb6bf
// 同步 ID: 01fdb0b6 @ Fri Jul 31 00:34:55 UTC 2026
// 同步 ID: adfd575d @ Fri Jul 31 13:27:14 UTC 2026
// 同步 ID: dfa4c7b2 @ Sat Aug  1 07:33:46 UTC 2026
// 同步 ID: 8eeb2a7c @ Sat Aug  1 18:11:33 UTC 2026
// 同步 ID: 2b8e9e78 @ Sun Aug  2 11:39:19 UTC 2026
// 重构日志: 670e65b8
// 重构日志: 7b4e01b2
